Microchip MPLAB XC8 Compiler V1.34 ()

Linker command line:

-W-3 --edf=C:\Program Files (x86)\Microchip\xc8\v1.34\dat\en_msgs.txt -cs \
  -h+dist/default/production\mcp3221_lib.X.production.sym \
  --cmf=dist/default/production\mcp3221_lib.X.production.cmf -z -Q18F4520 \
  -oC:\Users\RAPHAE~1.PER\AppData\Local\Temp\sd54.6 \
  -Mdist/default/production/mcp3221_lib.X.production.map -E1 -ver=XC8 \
  -ASTACK=080h-05ffh -pstack=STACK -ACODE=00h-07FFFh -ACONST=00h-07FFFh \
  -ASMALLCONST=0600h-06FFhx122 -AMEDIUMCONST=0600h-07FFFh -ACOMRAM=01h-07Fh \
  -AABS1=00h-05FFh -ABIGRAM=01h-05FFh -ARAM=080h-0FFh,0100h-01FFhx5 \
  -ABANK0=080h-0FFh -ABANK1=0100h-01FFh -ABANK2=0200h-02FFh \
  -ABANK3=0300h-03FFh -ABANK4=0400h-04FFh -ABANK5=0500h-05FFh \
  -ASFR=0F80h-0FFFh -preset_vec=00h,intcode,intcodelo,powerup,init,end_init \
  -pramtop=0600h -psmallconst=SMALLCONST -pmediumconst=MEDIUMCONST \
  -pconst=CONST -AFARRAM=00h-00h -ACONFIG=0300000h-030000Dh -pconfig=CONFIG \
  -AIDLOC=0200000h-0200007h -pidloc=IDLOC -AEEDATA=0F00000h-0F000FFh \
  -peeprom_data=EEDATA \
  -prdata=COMRAM,nvrram=COMRAM,nvbit=COMRAM,rbss=COMRAM,rbit=COMRAM \
  -pfarbss=FARRAM,fardata=FARRAM,nvFARRAM=FARRAM \
  -pintsave_regs=BIGRAM,bigbss=BIGRAM,bigdata=BIGRAM -pbss=RAM \
  -pidata=CODE,irdata=CODE,ibigdata=CODE,ifardata=CODE -prparam=COMRAM \
  C:\Users\RAPHAE~1.PER\AppData\Local\Temp\sd54.obj \
  dist/default/production\mcp3221_lib.X.production.obj 

Object code version is 3.11

Machine type is 18F4520

Call graph: (short form)




                Name                               Link     Load   Length Selector   Space Scale
C:\Users\RAPHAE~1.PER\AppData\Local\Temp\sd54.obj
                end_init                              0        0        4        0       0
                idloc                            200000   200000        8   200000       0
                config                           300000   300000        E   300000       0
dist/default/production\mcp3221_lib.X.production.obj
                smallconst                          600      600       16      300       0
                text21                              D4C      D4C        4      30B       0
                text20                              CC4      CC4       1A      30B       0
                text19                              D08      D08       10      30B       0
                text18                              CF6      CF6       12      30B       0
                text17                              8B2      8B2       D6      30B       0
                text16                              988      988       A0      30B       0
                text15                              7DC      7DC       D6      30B       0
                text14                              A28      A28       88      30B       0
                text13                              CDE      CDE       18      30B       0
                text12                              BB4      BB4       3E      30B       0
                text11                              D30      D30        C      30B       0
                text10                              D24      D24        C      30B       0
                text9                               D18      D18        C      30B       0
                text8                               C58      C58       2A      30B       0
                text7                               BF2      BF2       38      30B       0
                text6                               D44      D44        8      30B       0
                text5                               B2C      B2C       4A      30B       0
                text4                               B76      B76       3E      30B       0
                text3                               C82      C82       26      30B       0
                text2                               CA8      CA8       1C      30B       0
                text1                               616      616      1C6      30B       0
                text0                               AB0      AB0       7C      30B       0
                cstackCOMRAM                          1        1       32        1       1
                dataCOMRAM                           33       33        8        1       1
                bssCOMRAM                            3B       3B        2        1       1
                cinit                               C2A      C2A       2E      30B       0
                idataCOMRAM                         D3C      D3C        8      30B       0

TOTAL           Name                               Link     Load   Length     Space
        CLASS   STACK          

        CLASS   CODE           
                end_init                              0        0        4         0
                text21                              D4C      D4C        4         0
                text20                              CC4      CC4       1A         0
                text19                              D08      D08       10         0
                text18                              CF6      CF6       12         0
                text17                              8B2      8B2       D6         0
                text16                              988      988       A0         0
                text15                              7DC      7DC       D6         0
                text14                              A28      A28       88         0
                text13                              CDE      CDE       18         0
                text12                              BB4      BB4       3E         0
                text11                              D30      D30        C         0
                text10                              D24      D24        C         0
                text9                               D18      D18        C         0
                text8                               C58      C58       2A         0
                text7                               BF2      BF2       38         0
                text6                               D44      D44        8         0
                text5                               B2C      B2C       4A         0
                text4                               B76      B76       3E         0
                text3                               C82      C82       26         0
                text2                               CA8      CA8       1C         0
                text1                               616      616      1C6         0
                text0                               AB0      AB0       7C         0
                cinit                               C2A      C2A       2E         0
                idataCOMRAM                         D3C      D3C        8         0

        CLASS   CONST          

        CLASS   SMALLCONST     
                smallconst                          600      600       16         0

        CLASS   MEDIUMCONST    

        CLASS   COMRAM         
                cstackCOMRAM                          1        1       32         1
                dataCOMRAM                           33       33        8         1
                bssCOMRAM                            3B       3B        2         1

        CLASS   ABS1           

        CLASS   BIGRAM         

        CLASS   RAM            

        CLASS   BANK0          

        CLASS   BANK1          

        CLASS   BANK2          

        CLASS   BANK3          

        CLASS   BANK4          

        CLASS   BANK5          

        CLASS   SFR            

        CLASS   FARRAM         

        CLASS   CONFIG         
                config                           300000   300000        E         0

        CLASS   IDLOC          
                idloc                            200000   200000        8         0

        CLASS   EEDATA         



SEGMENTS        Name                           Load    Length   Top    Selector   Space  Class

                reset_vec                      000000  000004  000004         0       0  CODE    
                cstackCOMRAM                   000001  00003C  00003D         1       1  COMRAM  
                smallconst                     000600  000016  000616       300       0  SMALLCON
                text1                          000616  00073A  000D50       30B       0  CODE    
                idloc                          200000  000008  200008    200000       0  IDLOC   
                config                         300000  00000E  30000E    300000       0  CONFIG  


UNUSED ADDRESS RANGES

        Name                Unused          Largest block    Delta
        BANK0            000080-0000FF               80
        BANK1            000100-0001FF              100
        BANK2            000200-0002FF              100
        BANK3            000300-0003FF              100
        BANK4            000400-0004FF              100
        BANK5            000500-0005FF              100
        BIGRAM           00003D-0005FF              5C3
        CODE             000004-0005FF              5FC
                         000D50-007FFF             72B0
        COMRAM           00003D-00007F               43
        CONST            000004-0005FF              5FC
                         000D50-007FFF             72B0
        EEDATA           F00000-F000FF              100
        MEDIUMCONST      000D50-007FFF             72B0
        RAM              000080-0005FF              100
        SFR              000F80-000FFF               80
        SMALLCONST       000D50-007FFF              100
        STACK            000080-0005FF              580

                                  Symbol Table

?_MCP3221_Read              cstackCOMRAM 000004
?___lwdiv                   cstackCOMRAM 000001
?___lwmod                   cstackCOMRAM 000008
?___wmul                    cstackCOMRAM 000001
?_sprintf                   cstackCOMRAM 00000D
I2C_Init@clock_output       cstackCOMRAM 000001
I2C_ReadByte@acknowledge    cstackCOMRAM 000002
I2C_ReadByte@buffer_I2C     cstackCOMRAM 000003
I2C_WriteByte@data_out      cstackCOMRAM 000002
Lcd_CharCP@c                cstackCOMRAM 000004
Lcd_Command@command         cstackCOMRAM 000004
Lcd_Init@data               cstackCOMRAM 000005
Lcd_Text@buffer             cstackCOMRAM 000006
Lcd_Text@data               cstackCOMRAM 000009
Lcd_Text@x                  cstackCOMRAM 000005
Lcd_Text@y                  cstackCOMRAM 000008
MCP3221_Init@mcp3221_adr    cstackCOMRAM 000009
MCP3221_Read@mcp3221_adr    cstackCOMRAM 000008
PL10                        text17       00094A
PL12                        text17       000962
PL14                        text15       00088C
PL16                        text1        0007C0
PL18                        text1        0007CE
PL2                         text15       00085C
PL20                        text17       000978
PL22                        text15       0008A2
PL24                        text16       000A0C
PL26                        text16       000A1A
PL4                         text17       000932
PL6                         text15       000874
PL8                         text1        0007A8
_ADCON1                     (abs)        000FC1
_CMCON                      (abs)        000FB4
_I2C_Close                  text21       000D4C
_I2C_Idle                   text13       000CDE
_I2C_Init                   text20       000CC4
_I2C_ReadByte               text12       000BB4
_I2C_RepeatedStart          text11       000D30
_I2C_Start                  text10       000D24
_I2C_Stop                   text9        000D18
_I2C_WriteByte              text8        000C58
_LATBbits                   (abs)        000F8A
_Lcd_CharCP                 text15       0007DC
_Lcd_Command                text17       0008B2
_Lcd_Delay5500us            text19       000D08
_Lcd_Delay5us               text18       000CF6
_Lcd_Init                   text16       000988
_Lcd_Text                   text14       000A28
_MCP3221_Init               text6        000D44
_MCP3221_Read               text7        000BF2
_OSCCON                     (abs)        000FD3
_SSPADD                     (abs)        000FC8
_SSPBUF                     (abs)        000FC9
_SSPCON1                    (abs)        000FC6
_SSPCON1bits                (abs)        000FC6
_SSPCON2                    (abs)        000FC5
_SSPCON2bits                (abs)        000FC5
_SSPSTAT                    (abs)        000FC7
_SSPSTATbits                (abs)        000FC7
_TRISB                      (abs)        000F93
_TRISBbits                  (abs)        000F93
_TRISC                      (abs)        000F94
_TRISCbits                  (abs)        000F94
__CFG_BOREN$OFF             (abs)        000000
__CFG_BORV$3                (abs)        000000
__CFG_CCP2MX$PORTC          (abs)        000000
__CFG_CP0$OFF               (abs)        000000
__CFG_CP1$OFF               (abs)        000000
__CFG_CP2$OFF               (abs)        000000
__CFG_CP3$OFF               (abs)        000000
__CFG_CPB$OFF               (abs)        000000
__CFG_CPD$OFF               (abs)        000000
__CFG_EBTR0$OFF             (abs)        000000
__CFG_EBTR1$OFF             (abs)        000000
__CFG_EBTR2$OFF             (abs)        000000
__CFG_EBTR3$OFF             (abs)        000000
__CFG_EBTRB$OFF             (abs)        000000
__CFG_FCMEN$OFF             (abs)        000000
__CFG_IESO$OFF              (abs)        000000
__CFG_LPT1OSC$OFF           (abs)        000000
__CFG_LVP$OFF               (abs)        000000
__CFG_MCLRE$ON              (abs)        000000
__CFG_OSC$INTIO67           (abs)        000000
__CFG_PBADEN$OFF            (abs)        000000
__CFG_PWRT$OFF              (abs)        000000
__CFG_STVREN$OFF            (abs)        000000
__CFG_WDT$OFF               (abs)        000000
__CFG_WDTPS$32768           (abs)        000000
__CFG_WRT0$OFF              (abs)        000000
__CFG_WRT1$OFF              (abs)        000000
__CFG_WRT2$OFF              (abs)        000000
__CFG_WRT3$OFF              (abs)        000000
__CFG_WRTB$OFF              (abs)        000000
__CFG_WRTC$OFF              (abs)        000000
__CFG_WRTD$OFF              (abs)        000000
__CFG_XINST$OFF             (abs)        000000
__HRAM                      (abs)        000000
__Habs1                     abs1         000000
__Hbank0                    bank0        000000
__Hbank1                    bank1        000000
__Hbank2                    bank2        000000
__Hbank3                    bank3        000000
__Hbank4                    bank4        000000
__Hbank5                    bank5        000000
__Hbigbss                   bigbss       000000
__Hbigdata                  bigdata      000000
__Hbigram                   bigram       000000
__Hbss                      bss          000000
__HbssCOMRAM                bssCOMRAM    000000
__Hcinit                    cinit        000000
__Hclrtext                  clrtext      000000
__Hcomram                   comram       000000
__Hconfig                   config       30000E
__Hconst                    const        000000
__HcstackCOMRAM             cstackCOMRAM 000000
__Hdata                     data         000000
__HdataCOMRAM               dataCOMRAM   000000
__Heeprom_data              eeprom_data  000000
__Hend_init                 end_init     000004
__Hfarbss                   farbss       000000
__Hfardata                  fardata      000000
__Hibigdata                 ibigdata     000000
__Hidata                    idata        000000
__HidataCOMRAM              idataCOMRAM  000000
__Hidloc                    idloc        200008
__Hifardata                 ifardata     000000
__Hinit                     init         000000
__Hintcode                  intcode      000000
__Hintcode_body             intcode_body 000000
__Hintcodelo                intcodelo    000000
__Hintentry                 intentry     000000
__Hintret                   intret       000000
__Hintsave_regs             intsave_regs 000000
__Hirdata                   irdata       000000
__Hmediumconst              mediumconst  000000
__HnvFARRAM                 nvFARRAM     000000
__Hnvbit                    nvbit        000000
__Hnvrram                   nvrram       000000
__Hpa_nodes                 pa_nodes     000000
__Hparam                    rparam       000000
__Hpowerup                  powerup      000000
__Hram                      ram          000000
__Hramtop                   ramtop       000600
__Hrbit                     rbit         000000
__Hrbss                     rbss         000000
__Hrdata                    rdata        000000
__Hreset_vec                reset_vec    000000
__Hrparam                   rparam       000000
__Hsfr                      sfr          000000
__Hsmallconst               smallconst   000616
__Hspace_0                  (abs)        30000E
__Hspace_1                  (abs)        00003D
__Hspace_2                  (abs)        000000
__Hstack                    stack        000000
__Hstruct                   struct       000000
__Htemp                     temp         000000
__Htext                     text         000000
__Htext0                    text0        000000
__Htext1                    text1        000000
__Htext10                   text10       000000
__Htext11                   text11       000000
__Htext12                   text12       000000
__Htext13                   text13       000000
__Htext14                   text14       000000
__Htext15                   text15       000000
__Htext16                   text16       000000
__Htext17                   text17       000000
__Htext18                   text18       000000
__Htext19                   text19       000000
__Htext2                    text2        000000
__Htext20                   text20       000000
__Htext21                   text21       000000
__Htext3                    text3        000000
__Htext4                    text4        000000
__Htext5                    text5        000000
__Htext6                    text6        000000
__Htext7                    text7        000000
__Htext8                    text8        000000
__Htext9                    text9        000000
__LRAM                      (abs)        000001
__Labs1                     abs1         000000
__Lbank0                    bank0        000000
__Lbank1                    bank1        000000
__Lbank2                    bank2        000000
__Lbank3                    bank3        000000
__Lbank4                    bank4        000000
__Lbank5                    bank5        000000
__Lbigbss                   bigbss       000000
__Lbigdata                  bigdata      000000
__Lbigram                   bigram       000000
__Lbss                      bss          000000
__LbssCOMRAM                bssCOMRAM    000000
__Lcinit                    cinit        000000
__Lclrtext                  clrtext      000000
__Lcomram                   comram       000000
__Lconfig                   config       300000
__Lconst                    const        000000
__LcstackCOMRAM             cstackCOMRAM 000000
__Ldata                     data         000000
__LdataCOMRAM               dataCOMRAM   000000
__Leeprom_data              eeprom_data  000000
__Lend_init                 end_init     000000
__Lfarbss                   farbss       000000
__Lfardata                  fardata      000000
__Libigdata                 ibigdata     000000
__Lidata                    idata        000000
__LidataCOMRAM              idataCOMRAM  000000
__Lidloc                    idloc        200000
__Lifardata                 ifardata     000000
__Linit                     init         000000
__Lintcode                  intcode      000000
__Lintcode_body             intcode_body 000000
__Lintcodelo                intcodelo    000000
__Lintentry                 intentry     000000
__Lintret                   intret       000000
__Lintsave_regs             intsave_regs 000000
__Lirdata                   irdata       000000
__Lmediumconst              mediumconst  000000
__LnvFARRAM                 nvFARRAM     000000
__Lnvbit                    nvbit        000000
__Lnvrram                   nvrram       000000
__Lpa_nodes                 pa_nodes     000000
__Lparam                    rparam       000000
__Lpowerup                  powerup      000000
__Lram                      ram          000000
__Lramtop                   ramtop       000600
__Lrbit                     rbit         000000
__Lrbss                     rbss         000000
__Lrdata                    rdata        000000
__Lreset_vec                reset_vec    000000
__Lrparam                   rparam       000000
__Lsfr                      sfr          000000
__Lsmallconst               smallconst   000600
__Lspace_0                  (abs)        000000
__Lspace_1                  (abs)        000000
__Lspace_2                  (abs)        000000
__Lstack                    stack        000000
__Lstruct                   struct       000000
__Ltemp                     temp         000000
__Ltext                     text         000000
__Ltext0                    text0        000000
__Ltext1                    text1        000000
__Ltext10                   text10       000000
__Ltext11                   text11       000000
__Ltext12                   text12       000000
__Ltext13                   text13       000000
__Ltext14                   text14       000000
__Ltext15                   text15       000000
__Ltext16                   text16       000000
__Ltext17                   text17       000000
__Ltext18                   text18       000000
__Ltext19                   text19       000000
__Ltext2                    text2        000000
__Ltext20                   text20       000000
__Ltext21                   text21       000000
__Ltext3                    text3        000000
__Ltext4                    text4        000000
__Ltext5                    text5        000000
__Ltext6                    text6        000000
__Ltext7                    text7        000000
__Ltext8                    text8        000000
__Ltext9                    text9        000000
__S0                        (abs)        30000E
__S1                        (abs)        00003D
__S2                        (abs)        000000
___inthi_sp                 stack        000000
___intlo_sp                 stack        000000
___lwdiv                    text5        000B2C
___lwdiv@counter            cstackCOMRAM 000007
___lwdiv@dividend           cstackCOMRAM 000001
___lwdiv@divisor            cstackCOMRAM 000003
___lwdiv@quotient           cstackCOMRAM 000005
___lwmod                    text4        000B76
___lwmod@counter            cstackCOMRAM 00000C
___lwmod@dividend           cstackCOMRAM 000008
___lwmod@divisor            cstackCOMRAM 00000A
___param_bank               (abs)        000010
___rparam_used              (abs)        000001
___sp                       stack        000000
___wmul                     text3        000C82
___wmul@multiplicand        cstackCOMRAM 000003
___wmul@multiplier          cstackCOMRAM 000001
___wmul@product             cstackCOMRAM 000005
__accesstop                 (abs)        000080
__activetblptr              (abs)        000002
__end_ofPL10                text17       000962
__end_ofPL12                text17       000978
__end_ofPL14                text15       0008A2
__end_ofPL16                text1        0007CE
__end_ofPL18                text1        0007DC
__end_ofPL2                 text15       000874
__end_ofPL20                text17       000988
__end_ofPL22                text15       0008B2
__end_ofPL24                text16       000A1A
__end_ofPL26                text16       000A28
__end_ofPL4                 text17       00094A
__end_ofPL6                 text15       00088C
__end_ofPL8                 text1        0007C0
__end_of_I2C_Close          text21       000D50
__end_of_I2C_Idle           text13       000CF6
__end_of_I2C_Init           text20       000CDE
__end_of_I2C_ReadByte       text12       000BF2
__end_of_I2C_RepeatedStart  text11       000D3C
__end_of_I2C_Start          text10       000D30
__end_of_I2C_Stop           text9        000D24
__end_of_I2C_WriteByte      text8        000C82
__end_of_Lcd_CharCP         text15       00085C
__end_of_Lcd_Command        text17       000932
__end_of_Lcd_Delay5500us    text19       000D18
__end_of_Lcd_Delay5us       text18       000D08
__end_of_Lcd_Init           text16       000A0C
__end_of_Lcd_Text           text14       000AB0
__end_of_MCP3221_Init       text6        000D4C
__end_of_MCP3221_Read       text7        000C2A
__end_of___lwdiv            text5        000B76
__end_of___lwmod            text4        000BB4
__end_of___wmul             text3        000CA8
__end_of__initialization    cinit        000C4E
__end_of_dpowers            smallconst   00060B
__end_of_isdigit            text2        000CC4
__end_of_main               text0        000B2C
__end_of_sprintf            text1        0007A8
__initialization            cinit        000C2A
__mediumconst               mediumconst  000000
__pbssCOMRAM                bssCOMRAM    00003B
__pcinit                    cinit        000C2A
__pcstackCOMRAM             cstackCOMRAM 000001
__pdataCOMRAM               dataCOMRAM   000033
__pidataCOMRAM              idataCOMRAM  000D3C
__psmallconst               smallconst   000600
__ptext0                    text0        000AB0
__ptext1                    text1        000616
__ptext10                   text10       000D24
__ptext11                   text11       000D30
__ptext12                   text12       000BB4
__ptext13                   text13       000CDE
__ptext14                   text14       000A28
__ptext15                   text15       0007DC
__ptext16                   text16       000988
__ptext17                   text17       0008B2
__ptext18                   text18       000CF6
__ptext19                   text19       000D08
__ptext2                    text2        000CA8
__ptext20                   text20       000CC4
__ptext21                   text21       000D4C
__ptext3                    text3        000C82
__ptext4                    text4        000B76
__ptext5                    text5        000B2C
__ptext6                    text6        000D44
__ptext7                    text7        000BF2
__ptext8                    text8        000C58
__ptext9                    text9        000D18
__ramtop                    ramtop       000600
__size_of_I2C_Close         (abs)        000000
__size_of_I2C_Idle          (abs)        000000
__size_of_I2C_Init          (abs)        000000
__size_of_I2C_ReadByte      (abs)        000000
__size_of_I2C_RepeatedStart (abs)        000000
__size_of_I2C_Start         (abs)        000000
__size_of_I2C_Stop          (abs)        000000
__size_of_I2C_WriteByte     (abs)        000000
__size_of_Lcd_CharCP        (abs)        000000
__size_of_Lcd_Command       (abs)        000000
__size_of_Lcd_Delay5500us   (abs)        000000
__size_of_Lcd_Delay5us      (abs)        000000
__size_of_Lcd_Init          (abs)        000000
__size_of_Lcd_Text          (abs)        000000
__size_of_MCP3221_Init      (abs)        000000
__size_of_MCP3221_Read      (abs)        000000
__size_of___lwdiv           (abs)        000000
__size_of___lwmod           (abs)        000000
__size_of___wmul            (abs)        000000
__size_of_isdigit           (abs)        000000
__size_of_main              (abs)        000000
__size_of_sprintf           (abs)        000000
__smallconst                smallconst   000600
_degree_symbol              dataCOMRAM   000033
_dpowers                    smallconst   000601
_isdigit                    text2        000CA8
_isdigit$882                cstackCOMRAM 000002
_main                       text0        000AB0
_sprintf                    text1        000616
_value_hi                   bssCOMRAM    00003B
_value_lo                   bssCOMRAM    00003C
end_of_initialization       cinit        000C4E
intlevel0                   text         000000
intlevel1                   text         000000
intlevel2                   text         000000
intlevel3                   text         000000
isdigit@c                   cstackCOMRAM 000003
main@aux                    cstackCOMRAM 00001D
main@read_adc               cstackCOMRAM 000031
sprintf@ap                  cstackCOMRAM 000014
sprintf@c                   cstackCOMRAM 00001C
sprintf@f                   cstackCOMRAM 00000D
sprintf@flag                cstackCOMRAM 000016
sprintf@prec                cstackCOMRAM 000015
sprintf@sp                  cstackCOMRAM 000019
sprintf@val                 cstackCOMRAM 000017
sprintf@width               cstackCOMRAM 00001A
stackhi                     (abs)        0005FF
stacklo                     (abs)        000080
start                       init         000000
start_initialization        cinit        000C2A


FUNCTION INFORMATION:

 *************** function _main *****************
 Defined at:
		line 16 in file "main.c"
 Parameters:    Size  Location     Type
		None
 Auto vars:     Size  Location     Type
  aux            20   28[COMRAM] unsigned char [20]
  read_adc        2   48[COMRAM] unsigned int 
 Return value:  Size  Location     Type
		None               void
 Registers used:
		wreg, fsr0l, fsr0h, fsr2l, fsr2h, status,2, status,0, tblptrl, tblptrh, tblptru, prodl, prodh, cstack
 Tracked objects:
		On entry : 
		On exit  : 
		Unchanged: 
 Data sizes:     COMRAM   BANK0   BANK1   BANK2   BANK3   BANK4   BANK5
      Params:         0       0       0       0       0       0       0
      Locals:        22       0       0       0       0       0       0
      Temps:          0       0       0       0       0       0       0
      Totals:        22       0       0       0       0       0       0
Total ram usage:       22 bytes
 Hardware stack levels required when called:    4
 This function calls:
		_I2C_Close
		_I2C_Init
		_Lcd_Command
		_Lcd_Init
		_Lcd_Text
		_MCP3221_Init
		_MCP3221_Read
		_sprintf
 This function is called by:
		Startup code after reset
 This function uses a non-reentrant model


 *************** function _sprintf *****************
 Defined at:
		line 492 in file "C:\Program Files (x86)\Microchip\xc8\v1.34\sources\common\doprnt.c"
 Parameters:    Size  Location     Type
  sp              1    wreg     PTR unsigned char 
		 -> main@aux(20), 
  f               1   12[COMRAM] PTR const unsigned char 
		 -> STR_2(4), 
 Auto vars:     Size  Location     Type
  sp              1   24[COMRAM] PTR unsigned char 
		 -> main@aux(20), 
  tmpval          4    0        struct .
  cp              3    0        PTR const unsigned char 
  width           2   25[COMRAM] int 
  val             2   22[COMRAM] unsigned int 
  len             2    0        unsigned int 
  c               1   27[COMRAM] char 
  flag            1   21[COMRAM] unsigned char 
  prec            1   20[COMRAM] char 
  ap              1   19[COMRAM] PTR void [1]
		 -> ?_sprintf(2), 
 Return value:  Size  Location     Type
                  2   12[COMRAM] int 
 Registers used:
		wreg, fsr2l, fsr2h, status,2, status,0, tblptrl, tblptrh, tblptru, prodl, prodh, cstack
 Tracked objects:
		On entry : 
		On exit  : 
		Unchanged: 
 Data sizes:     COMRAM   BANK0   BANK1   BANK2   BANK3   BANK4   BANK5
      Params:         3       0       0       0       0       0       0
      Locals:         9       0       0       0       0       0       0
      Temps:          4       0       0       0       0       0       0
      Totals:        16       0       0       0       0       0       0
Total ram usage:       16 bytes
 Hardware stack levels used:    1
 Hardware stack levels required when called:    1
 This function calls:
		___lwdiv
		___lwmod
		___wmul
		_isdigit
 This function is called by:
		_main
 This function uses a non-reentrant model


 *************** function _isdigit *****************
 Defined at:
		line 8 in file "C:\Program Files (x86)\Microchip\xc8\v1.34\sources\common\isdigit.c"
 Parameters:    Size  Location     Type
  c               1    wreg     unsigned char 
 Auto vars:     Size  Location     Type
  c               1    2[COMRAM] unsigned char 
 Return value:  Size  Location     Type
		None               void
 Registers used:
		wreg, status,2, status,0
 Tracked objects:
		On entry : 
		On exit  : 
		Unchanged: 
 Data sizes:     COMRAM   BANK0   BANK1   BANK2   BANK3   BANK4   BANK5
      Params:         0       0       0       0       0       0       0
      Locals:         2       0       0       0       0       0       0
      Temps:          1       0       0       0       0       0       0
      Totals:         3       0       0       0       0       0       0
Total ram usage:        3 bytes
 Hardware stack levels used:    1
 This function calls:
		Nothing
 This function is called by:
		_sprintf
 This function uses a non-reentrant model


 *************** function ___wmul *****************
 Defined at:
		line 15 in file "C:\Program Files (x86)\Microchip\xc8\v1.34\sources\common\Umul16.c"
 Parameters:    Size  Location     Type
  multiplier      2    0[COMRAM] unsigned int 
  multiplicand    2    2[COMRAM] unsigned int 
 Auto vars:     Size  Location     Type
  product         2    4[COMRAM] unsigned int 
 Return value:  Size  Location     Type
                  2    0[COMRAM] unsigned int 
 Registers used:
		wreg, status,2, status,0, prodl, prodh
 Tracked objects:
		On entry : 
		On exit  : 
		Unchanged: 
 Data sizes:     COMRAM   BANK0   BANK1   BANK2   BANK3   BANK4   BANK5
      Params:         4       0       0       0       0       0       0
      Locals:         2       0       0       0       0       0       0
      Temps:          0       0       0       0       0       0       0
      Totals:         6       0       0       0       0       0       0
Total ram usage:        6 bytes
 Hardware stack levels used:    1
 This function calls:
		Nothing
 This function is called by:
		_sprintf
 This function uses a non-reentrant model


 *************** function ___lwmod *****************
 Defined at:
		line 8 in file "C:\Program Files (x86)\Microchip\xc8\v1.34\sources\common\lwmod.c"
 Parameters:    Size  Location     Type
  dividend        2    7[COMRAM] unsigned int 
  divisor         2    9[COMRAM] unsigned int 
 Auto vars:     Size  Location     Type
  counter         1   11[COMRAM] unsigned char 
 Return value:  Size  Location     Type
                  2    7[COMRAM] unsigned int 
 Registers used:
		wreg, status,2, status,0
 Tracked objects:
		On entry : 
		On exit  : 
		Unchanged: 
 Data sizes:     COMRAM   BANK0   BANK1   BANK2   BANK3   BANK4   BANK5
      Params:         4       0       0       0       0       0       0
      Locals:         1       0       0       0       0       0       0
      Temps:          0       0       0       0       0       0       0
      Totals:         5       0       0       0       0       0       0
Total ram usage:        5 bytes
 Hardware stack levels used:    1
 This function calls:
		Nothing
 This function is called by:
		_sprintf
 This function uses a non-reentrant model


 *************** function ___lwdiv *****************
 Defined at:
		line 8 in file "C:\Program Files (x86)\Microchip\xc8\v1.34\sources\common\lwdiv.c"
 Parameters:    Size  Location     Type
  dividend        2    0[COMRAM] unsigned int 
  divisor         2    2[COMRAM] unsigned int 
 Auto vars:     Size  Location     Type
  quotient        2    4[COMRAM] unsigned int 
  counter         1    6[COMRAM] unsigned char 
 Return value:  Size  Location     Type
                  2    0[COMRAM] unsigned int 
 Registers used:
		wreg, status,2, status,0
 Tracked objects:
		On entry : 
		On exit  : 
		Unchanged: 
 Data sizes:     COMRAM   BANK0   BANK1   BANK2   BANK3   BANK4   BANK5
      Params:         4       0       0       0       0       0       0
      Locals:         3       0       0       0       0       0       0
      Temps:          0       0       0       0       0       0       0
      Totals:         7       0       0       0       0       0       0
Total ram usage:        7 bytes
 Hardware stack levels used:    1
 This function calls:
		Nothing
 This function is called by:
		_sprintf
 This function uses a non-reentrant model


 *************** function _MCP3221_Init *****************
 Defined at:
		line 12 in file "mcp3221.c"
 Parameters:    Size  Location     Type
  mcp3221_adr     1    wreg     unsigned char 
 Auto vars:     Size  Location     Type
  mcp3221_adr     1    8[COMRAM] unsigned char 
  temp            1    0        unsigned char 
 Return value:  Size  Location     Type
		None               void
 Registers used:
		wreg, status,2, status,0, cstack
 Tracked objects:
		On entry : 
		On exit  : 
		Unchanged: 
 Data sizes:     COMRAM   BANK0   BANK1   BANK2   BANK3   BANK4   BANK5
      Params:         0       0       0       0       0       0       0
      Locals:         1       0       0       0       0       0       0
      Temps:          0       0       0       0       0       0       0
      Totals:         1       0       0       0       0       0       0
Total ram usage:        1 bytes
 Hardware stack levels used:    1
 Hardware stack levels required when called:    3
 This function calls:
		_MCP3221_Read
 This function is called by:
		_main
 This function uses a non-reentrant model


 *************** function _MCP3221_Read *****************
 Defined at:
		line 19 in file "mcp3221.c"
 Parameters:    Size  Location     Type
  mcp3221_adr     1    wreg     unsigned char 
 Auto vars:     Size  Location     Type
  mcp3221_adr     1    7[COMRAM] unsigned char 
 Return value:  Size  Location     Type
                  2    3[COMRAM] unsigned int 
 Registers used:
		wreg, status,2, status,0, cstack
 Tracked objects:
		On entry : 
		On exit  : 
		Unchanged: 
 Data sizes:     COMRAM   BANK0   BANK1   BANK2   BANK3   BANK4   BANK5
      Params:         2       0       0       0       0       0       0
      Locals:         1       0       0       0       0       0       0
      Temps:          2       0       0       0       0       0       0
      Totals:         5       0       0       0       0       0       0
Total ram usage:        5 bytes
 Hardware stack levels used:    1
 Hardware stack levels required when called:    2
 This function calls:
		_I2C_ReadByte
		_I2C_RepeatedStart
		_I2C_Start
		_I2C_Stop
		_I2C_WriteByte
 This function is called by:
		_main
		_MCP3221_Init
 This function uses a non-reentrant model


 *************** function _I2C_WriteByte *****************
 Defined at:
		line 98 in file "my_i2c.c"
 Parameters:    Size  Location     Type
  data_out        1    wreg     unsigned char 
 Auto vars:     Size  Location     Type
  data_out        1    1[COMRAM] unsigned char 
 Return value:  Size  Location     Type
                  1    wreg      unsigned char 
 Registers used:
		wreg, status,2, status,0, cstack
 Tracked objects:
		On entry : 
		On exit  : 
		Unchanged: 
 Data sizes:     COMRAM   BANK0   BANK1   BANK2   BANK3   BANK4   BANK5
      Params:         0       0       0       0       0       0       0
      Locals:         1       0       0       0       0       0       0
      Temps:          0       0       0       0       0       0       0
      Totals:         1       0       0       0       0       0       0
Total ram usage:        1 bytes
 Hardware stack levels used:    1
 Hardware stack levels required when called:    1
 This function calls:
		_I2C_Idle
 This function is called by:
		_MCP3221_Read
 This function uses a non-reentrant model


 *************** function _I2C_Stop *****************
 Defined at:
		line 45 in file "my_i2c.c"
 Parameters:    Size  Location     Type
		None
 Auto vars:     Size  Location     Type
		None
 Return value:  Size  Location     Type
		None               void
 Registers used:
		wreg, status,2, status,0, cstack
 Tracked objects:
		On entry : 
		On exit  : 
		Unchanged: 
 Data sizes:     COMRAM   BANK0   BANK1   BANK2   BANK3   BANK4   BANK5
      Params:         0       0       0       0       0       0       0
      Locals:         0       0       0       0       0       0       0
      Temps:          0       0       0       0       0       0       0
      Totals:         0       0       0       0       0       0       0
Total ram usage:        0 bytes
 Hardware stack levels used:    1
 Hardware stack levels required when called:    1
 This function calls:
		_I2C_Idle
 This function is called by:
		_MCP3221_Read
 This function uses a non-reentrant model


 *************** function _I2C_Start *****************
 Defined at:
		line 27 in file "my_i2c.c"
 Parameters:    Size  Location     Type
		None
 Auto vars:     Size  Location     Type
		None
 Return value:  Size  Location     Type
		None               void
 Registers used:
		wreg, status,2, status,0, cstack
 Tracked objects:
		On entry : 
		On exit  : 
		Unchanged: 
 Data sizes:     COMRAM   BANK0   BANK1   BANK2   BANK3   BANK4   BANK5
      Params:         0       0       0       0       0       0       0
      Locals:         0       0       0       0       0       0       0
      Temps:          0       0       0       0       0       0       0
      Totals:         0       0       0       0       0       0       0
Total ram usage:        0 bytes
 Hardware stack levels used:    1
 Hardware stack levels required when called:    1
 This function calls:
		_I2C_Idle
 This function is called by:
		_MCP3221_Read
 This function uses a non-reentrant model


 *************** function _I2C_RepeatedStart *****************
 Defined at:
		line 36 in file "my_i2c.c"
 Parameters:    Size  Location     Type
		None
 Auto vars:     Size  Location     Type
		None
 Return value:  Size  Location     Type
		None               void
 Registers used:
		wreg, status,2, status,0, cstack
 Tracked objects:
		On entry : 
		On exit  : 
		Unchanged: 
 Data sizes:     COMRAM   BANK0   BANK1   BANK2   BANK3   BANK4   BANK5
      Params:         0       0       0       0       0       0       0
      Locals:         0       0       0       0       0       0       0
      Temps:          0       0       0       0       0       0       0
      Totals:         0       0       0       0       0       0       0
Total ram usage:        0 bytes
 Hardware stack levels used:    1
 Hardware stack levels required when called:    1
 This function calls:
		_I2C_Idle
 This function is called by:
		_MCP3221_Read
 This function uses a non-reentrant model


 *************** function _I2C_ReadByte *****************
 Defined at:
		line 63 in file "my_i2c.c"
 Parameters:    Size  Location     Type
  acknowledge     1    wreg     unsigned char 
 Auto vars:     Size  Location     Type
  acknowledge     1    1[COMRAM] unsigned char 
  buffer_I2C      1    2[COMRAM] unsigned char 
 Return value:  Size  Location     Type
                  1    wreg      unsigned char 
 Registers used:
		wreg, status,2, status,0, cstack
 Tracked objects:
		On entry : 
		On exit  : 
		Unchanged: 
 Data sizes:     COMRAM   BANK0   BANK1   BANK2   BANK3   BANK4   BANK5
      Params:         0       0       0       0       0       0       0
      Locals:         2       0       0       0       0       0       0
      Temps:          0       0       0       0       0       0       0
      Totals:         2       0       0       0       0       0       0
Total ram usage:        2 bytes
 Hardware stack levels used:    1
 Hardware stack levels required when called:    1
 This function calls:
		_I2C_Idle
 This function is called by:
		_MCP3221_Read
 This function uses a non-reentrant model


 *************** function _I2C_Idle *****************
 Defined at:
		line 52 in file "my_i2c.c"
 Parameters:    Size  Location     Type
		None
 Auto vars:     Size  Location     Type
		None
 Return value:  Size  Location     Type
		None               void
 Registers used:
		wreg, status,2, status,0
 Tracked objects:
		On entry : 
		On exit  : 
		Unchanged: 
 Data sizes:     COMRAM   BANK0   BANK1   BANK2   BANK3   BANK4   BANK5
      Params:         0       0       0       0       0       0       0
      Locals:         0       0       0       0       0       0       0
      Temps:          1       0       0       0       0       0       0
      Totals:         1       0       0       0       0       0       0
Total ram usage:        1 bytes
 Hardware stack levels used:    1
 This function calls:
		Nothing
 This function is called by:
		_I2C_Start
		_I2C_RepeatedStart
		_I2C_Stop
		_I2C_ReadByte
		_I2C_WriteByte
 This function uses a non-reentrant model


 *************** function _Lcd_Text *****************
 Defined at:
		line 105 in file "hd44780.c"
 Parameters:    Size  Location     Type
  y               1    wreg     unsigned char 
  x               1    4[COMRAM] unsigned char 
  buffer          2    5[COMRAM] PTR unsigned char 
		 -> main@aux(20), STR_1(5), 
 Auto vars:     Size  Location     Type
  y               1    7[COMRAM] unsigned char 
  data            1    8[COMRAM] unsigned char 
 Return value:  Size  Location     Type
		None               void
 Registers used:
		wreg, fsr0l, fsr0h, status,2, status,0, tblptrl, tblptrh, tblptru, cstack
 Tracked objects:
		On entry : 
		On exit  : 
		Unchanged: 
 Data sizes:     COMRAM   BANK0   BANK1   BANK2   BANK3   BANK4   BANK5
      Params:         3       0       0       0       0       0       0
      Locals:         2       0       0       0       0       0       0
      Temps:          0       0       0       0       0       0       0
      Totals:         5       0       0       0       0       0       0
Total ram usage:        5 bytes
 Hardware stack levels used:    1
 Hardware stack levels required when called:    2
 This function calls:
		_Lcd_CharCP
		_Lcd_Command
 This function is called by:
		_main
 This function uses a non-reentrant model


 *************** function _Lcd_CharCP *****************
 Defined at:
		line 166 in file "hd44780.c"
 Parameters:    Size  Location     Type
  c               1    wreg     unsigned char 
 Auto vars:     Size  Location     Type
  c               1    3[COMRAM] unsigned char 
 Return value:  Size  Location     Type
		None               void
 Registers used:
		wreg, status,2, status,0, cstack
 Tracked objects:
		On entry : 
		On exit  : 
		Unchanged: 
 Data sizes:     COMRAM   BANK0   BANK1   BANK2   BANK3   BANK4   BANK5
      Params:         0       0       0       0       0       0       0
      Locals:         1       0       0       0       0       0       0
      Temps:          2       0       0       0       0       0       0
      Totals:         3       0       0       0       0       0       0
Total ram usage:        3 bytes
 Hardware stack levels used:    1
 Hardware stack levels required when called:    1
 This function calls:
		_Lcd_Delay5500us
		_Lcd_Delay5us
 This function is called by:
		_Lcd_Text
 This function uses a non-reentrant model


 *************** function _Lcd_Init *****************
 Defined at:
		line 17 in file "hd44780.c"
 Parameters:    Size  Location     Type
		None
 Auto vars:     Size  Location     Type
  data            1    4[COMRAM] unsigned char 
 Return value:  Size  Location     Type
		None               void
 Registers used:
		wreg, status,2, status,0, cstack
 Tracked objects:
		On entry : 
		On exit  : 
		Unchanged: 
 Data sizes:     COMRAM   BANK0   BANK1   BANK2   BANK3   BANK4   BANK5
      Params:         0       0       0       0       0       0       0
      Locals:         1       0       0       0       0       0       0
      Temps:          0       0       0       0       0       0       0
      Totals:         1       0       0       0       0       0       0
Total ram usage:        1 bytes
 Hardware stack levels used:    1
 Hardware stack levels required when called:    2
 This function calls:
		_Lcd_Command
		_Lcd_Delay5500us
		_Lcd_Delay5us
 This function is called by:
		_main
 This function uses a non-reentrant model


 *************** function _Lcd_Command *****************
 Defined at:
		line 198 in file "hd44780.c"
 Parameters:    Size  Location     Type
  command         1    wreg     unsigned char 
 Auto vars:     Size  Location     Type
  command         1    3[COMRAM] unsigned char 
 Return value:  Size  Location     Type
		None               void
 Registers used:
		wreg, status,2, status,0, cstack
 Tracked objects:
		On entry : 
		On exit  : 
		Unchanged: 
 Data sizes:     COMRAM   BANK0   BANK1   BANK2   BANK3   BANK4   BANK5
      Params:         0       0       0       0       0       0       0
      Locals:         1       0       0       0       0       0       0
      Temps:          2       0       0       0       0       0       0
      Totals:         3       0       0       0       0       0       0
Total ram usage:        3 bytes
 Hardware stack levels used:    1
 Hardware stack levels required when called:    1
 This function calls:
		_Lcd_Delay5500us
		_Lcd_Delay5us
 This function is called by:
		_Lcd_Init
		_Lcd_Text
		_main
 This function uses a non-reentrant model


 *************** function _Lcd_Delay5us *****************
 Defined at:
		line 262 in file "hd44780.c"
 Parameters:    Size  Location     Type
		None
 Auto vars:     Size  Location     Type
		None
 Return value:  Size  Location     Type
		None               void
 Registers used:
		wreg
 Tracked objects:
		On entry : 
		On exit  : 
		Unchanged: 
 Data sizes:     COMRAM   BANK0   BANK1   BANK2   BANK3   BANK4   BANK5
      Params:         0       0       0       0       0       0       0
      Locals:         0       0       0       0       0       0       0
      Temps:          0       0       0       0       0       0       0
      Totals:         0       0       0       0       0       0       0
Total ram usage:        0 bytes
 Hardware stack levels used:    1
 This function calls:
		Nothing
 This function is called by:
		_Lcd_Init
		_Lcd_CharCP
		_Lcd_Command
 This function uses a non-reentrant model


 *************** function _Lcd_Delay5500us *****************
 Defined at:
		line 268 in file "hd44780.c"
 Parameters:    Size  Location     Type
		None
 Auto vars:     Size  Location     Type
		None
 Return value:  Size  Location     Type
		None               void
 Registers used:
		wreg
 Tracked objects:
		On entry : 
		On exit  : 
		Unchanged: 
 Data sizes:     COMRAM   BANK0   BANK1   BANK2   BANK3   BANK4   BANK5
      Params:         0       0       0       0       0       0       0
      Locals:         0       0       0       0       0       0       0
      Temps:          1       0       0       0       0       0       0
      Totals:         1       0       0       0       0       0       0
Total ram usage:        1 bytes
 Hardware stack levels used:    1
 This function calls:
		Nothing
 This function is called by:
		_Lcd_Init
		_Lcd_CharCP
		_Lcd_Command
 This function uses a non-reentrant model


 *************** function _I2C_Init *****************
 Defined at:
		line 11 in file "my_i2c.c"
 Parameters:    Size  Location     Type
  clock_output    1    wreg     unsigned char 
 Auto vars:     Size  Location     Type
  clock_output    1    0[COMRAM] unsigned char 
 Return value:  Size  Location     Type
		None               void
 Registers used:
		wreg, status,2, status,0
 Tracked objects:
		On entry : 
		On exit  : 
		Unchanged: 
 Data sizes:     COMRAM   BANK0   BANK1   BANK2   BANK3   BANK4   BANK5
      Params:         0       0       0       0       0       0       0
      Locals:         1       0       0       0       0       0       0
      Temps:          0       0       0       0       0       0       0
      Totals:         1       0       0       0       0       0       0
Total ram usage:        1 bytes
 Hardware stack levels used:    1
 This function calls:
		Nothing
 This function is called by:
		_main
 This function uses a non-reentrant model


 *************** function _I2C_Close *****************
 Defined at:
		line 58 in file "my_i2c.c"
 Parameters:    Size  Location     Type
		None
 Auto vars:     Size  Location     Type
		None
 Return value:  Size  Location     Type
		None               void
 Registers used:
		status,2, status,0
 Tracked objects:
		On entry : 
		On exit  : 
		Unchanged: 
 Data sizes:     COMRAM   BANK0   BANK1   BANK2   BANK3   BANK4   BANK5
      Params:         0       0       0       0       0       0       0
      Locals:         0       0       0       0       0       0       0
      Temps:          0       0       0       0       0       0       0
      Totals:         0       0       0       0       0       0       0
Total ram usage:        0 bytes
 Hardware stack levels used:    1
 This function calls:
		Nothing
 This function is called by:
		_main
 This function uses a non-reentrant model



MODULE INFORMATION

Module		Function		Class		Link	Load	Size
mcp3221.c
		_MCP3221_Read  		CODE           	0BF2	0000	57
		_MCP3221_Init  		CODE           	0D44	0000	9

mcp3221.c estimated size: 66

my_i2c.c
		_I2C_Close     		CODE           	0D4C	0000	5
		_I2C_Idle      		CODE           	0CDE	0000	25
		_I2C_RepeatedSt		CODE           	0D30	0000	13
		_I2C_Stop      		CODE           	0D18	0000	13
		_I2C_WriteByte 		CODE           	0C58	0000	43
		_I2C_Init      		CODE           	0CC4	0000	27
		_I2C_ReadByte  		CODE           	0BB4	0000	63
		_I2C_Start     		CODE           	0D24	0000	13

my_i2c.c estimated size: 202

C:\Program Files (x86)\Microchip\xc8\v1.34\sources\common\lwmod.c
		___lwmod       		CODE           	0B76	0000	63

C:\Program Files (x86)\Microchip\xc8\v1.34\sources\common\lwmod.c estimated size: 63

C:\Program Files (x86)\Microchip\xc8\v1.34\sources\common\isdigit.c
		_isdigit       		CODE           	0CA8	0000	29

C:\Program Files (x86)\Microchip\xc8\v1.34\sources\common\isdigit.c estimated size: 29

shared
		PL12           		CODE           	0962	0000	23
		PL8            		CODE           	07A8	0000	25
		PL22           		CODE           	08A2	0000	17
		PL14           		CODE           	088C	0000	23
		PL24           		CODE           	0A0C	0000	15
		PL16           		CODE           	07C0	0000	15
		PL26           		CODE           	0A1A	0000	15
		_dpowers       		SMALLCONST     	0601	0000	11
		PL18           		CODE           	07CE	0000	15
		__initializatio		CODE           	0C2A	0000	37
		PL2            		CODE           	085C	0000	25
		PL10           		CODE           	094A	0000	25
		PL4            		CODE           	0932	0000	25
		PL20           		CODE           	0978	0000	17
		PL6            		CODE           	0874	0000	25

shared estimated size: 313

C:\Program Files (x86)\Microchip\xc8\v1.34\sources\common\lwdiv.c
		___lwdiv       		CODE           	0B2C	0000	75

C:\Program Files (x86)\Microchip\xc8\v1.34\sources\common\lwdiv.c estimated size: 75

hd44780.c
		_Lcd_Init      		CODE           	0988	0000	133
		_Lcd_Command   		CODE           	08B2	0000	129
		_Lcd_Text      		CODE           	0A28	0000	137
		_Lcd_Delay5us  		CODE           	0CF6	0000	19
		_Lcd_CharCP    		CODE           	07DC	0000	129
		_Lcd_Delay5500u		CODE           	0D08	0000	17

hd44780.c estimated size: 564

C:\Program Files (x86)\Microchip\xc8\v1.34\sources\common\doprnt.c
		_sprintf       		CODE           	0616	0000	403

C:\Program Files (x86)\Microchip\xc8\v1.34\sources\common\doprnt.c estimated size: 403

main.c
		_main          		CODE           	0AB0	0000	125

main.c estimated size: 125

C:\Program Files (x86)\Microchip\xc8\v1.34\sources\common\Umul16.c
		___wmul        		CODE           	0C82	0000	39

C:\Program Files (x86)\Microchip\xc8\v1.34\sources\common\Umul16.c estimated size: 39

